{
    "data": [
        {
            "title": "recusandae",
            "content": "impedit",
            "id": "snapdyn|NULL|data.*.id|0"
        },
        {
            "title": "maiores",
            "content": "animi",
            "id": "snapdyn|NULL|data.*.id|1"
        }
    ],
    "links": [
        {
            "url": null,
            "label": "&laquo; Previous",
            "page": null,
            "active": false
        },
        {
            "url": "http:\/\/localhost\/api\/blogs?page=1",
            "label": "1",
            "page": 1,
            "active": true
        },
        {
            "url": null,
            "label": "Next &raquo;",
            "page": null,
            "active": false
        }
    ],
    "meta": {
        "current_page": 1,
        "first_page_url": "http:\/\/localhost\/api\/blogs?page=1",
        "from": 1,
        "last_page": 1,
        "last_page_url": "http:\/\/localhost\/api\/blogs?page=1",
        "next_page_url": null,
        "path": "http:\/\/localhost\/api\/blogs",
        "per_page": 15,
        "prev_page_url": null,
        "to": 2,
        "total": 2
    }
}